// Jest Snapshot v1, https://goo.gl/fbAQLP

exports[`Test NotFoundView component 1`] = `
<DocumentFragment>
  <div
    id="not-found-view"
  >
    <h1
      class="ui header"
    >
      404
    </h1>
    <p>
      <strong>
        Oops! Nothing to see here.
      </strong>
    </p>
    <button
      class="ui secondary button"
    >
      Go to homepage
    </button>
  </div>
</DocumentFragment>
`;
