// Jest Snapshot v1, https://goo.gl/fbAQLP

exports[`Test Navigation component 1`] = `
<DocumentFragment>
  <div
    class="ui inverted header-navigation menu"
    id="navigation"
  >
    <div
      class="ui container"
    >
      <a
        class="item"
      >
        All Dragons
      </a>
      <a
        class="item"
      >
        Add Dragon
      </a>
      <div
        class="right menu"
      >
        <div
          class="item"
        >
          <button
            class="ui secondary button header-register-btn"
            style="margin-right: 5px;"
          >
            Register
          </button>
          <button
            class="ui red button header-login-btn"
          >
            Log in
          </button>
        </div>
      </div>
    </div>
  </div>
</DocumentFragment>
`;
