// Jest Snapshot v1, https://goo.gl/fbAQLP

exports[`Test Header component 1`] = `
<DocumentFragment>
  <div
    id="header"
  >
    <div
      class="header-logo-container"
    >
      <img
        class="ui image header-logo"
        src="logo.png"
      />
      <div
        class="header-logo-title"
      >
        Dragons Book
      </div>
    </div>
  </div>
</DocumentFragment>
`;
