// Jest Snapshot v1, https://goo.gl/fbAQLP

exports[`Test DragonDetailsView component 1`] = `
<DocumentFragment>
  <div
    class="ui grid"
  >
    <div
      class="four wide computer sixteen wide mobile eight wide tablet column"
    >
      <div
        class="ui image"
      >
        <a
          class="ui black bottom attached label text-right text-uppercase"
        >
          Epic
        </a>
        <img
          src="imageNotAvailable.png"
        />
      </div>
      <button
        class="ui red fluid button margin-top"
      >
        <i
          aria-hidden="true"
          class="edit icon"
        />
         Edit
      </button>
    </div>
    <div
      class="twelve wide computer sixteen wide mobile eight wide tablet column"
    >
      <h2
        class="ui header"
      >
        Saphira
      </h2>
      Created at May 10th 20
      <div
        class="ui divider"
      />
      <p />
    </div>
  </div>
</DocumentFragment>
`;
